// Jest Snapshot v1, https://goo.gl/fbAQLP

exports[`inquiries renders the inquiries listing 1`] = `
<div
  className="file__Container-s1pyl2uv-1 ecpOat"
>
  <div
    className="file__Nav-s1u3mk74-0 eyFpUf"
  >
    <a
      className="file__NavIcon-s1u3mk74-1 fNrbYg"
      href="/"
    >
      <div
        className="file-sqasly-0 hFgJIB"
        onClick={undefined}
        style={undefined}
      >
        
      </div>
    </a>
    <a
      className="file__StyledLink-lessph-0 dOrLNT"
      href="/"
    >
      Back To Artsy
    </a>
  </div>
  <header
    className="file__Header-s1pyl2uv-2 fankch"
  >
    <div
      className="header-title file__StyledTitle-s1hq9j8q-0 kLzHVD"
      color="inherit"
    >
      Please select all works you purchased
    </div>
    <p
      className="header-subtitle file__Text-s1c2dxzg-0 iTrBpO"
    >
      We will confirm submitted purchases with the galleries in order to qualify you for the program membership.
    </p>
  </header>
  <div
    className="artworks"
  >
    <div
      className="Grid__Grid-bojwg gdLArs"
    >
      <div
        className="file__Row-lw0n7x-1 KyAri Row__Row-kNtYPA hicFUP"
      >
        <div
          className="file__Col-lw0n7x-0 eaAlCt Col__Col-hCQanm jItcmX"
        >
          <div
            className="file__InquiryContainer-s1pyl2uv-0 ivebzq"
          >
            <div
              className="file__Container-s1how86y-0 cAcEVx"
              onClick={[Function]}
            >
              <div
                className="file__ImageContainer-s1how86y-1 gUTJRY"
              >
                <img
                  className="file__Image-s1how86y-2 kRbqOJ"
                  src="http://path.to.cat.pics"
                />
                <div
                  className="overlay-container hovered"
                >
                  <div
                    className="file__OverlayBackground-s1dhbpor-0 LUZIK"
                  >
                    <div
                      className="sc-bdVaJa ctlSVY"
                      selected={false}
                    >
                      <div
                        className="file-sqasly-0 kQJrTr"
                        onClick={undefined}
                        style={undefined}
                      >
                        
                      </div>
                    </div>
                  </div>
                </div>
              </div>
              <div
                className="file__StyledMetadata-s1axreti-0 llKWPb"
              >
                <div>
                  <div
                    className="file__TruncatedLine-s15cf0pi-0 gzhTFP"
                  >
                    <strong>
                      <a
                        className="file__StyledTextLink-s1bp9p6w-0 jZfohH"
                        href="/percy-z"
                      >
                        Percy Z
                      </a>
                    </strong>
                  </div>
                  <div
                    className="file__TruncatedLine-s15cf0pi-0 gzhTFP"
                  >
                    <a
                      className="file__StyledTextLink-s1bp9p6w-0 jZfohH"
                      href={undefined}
                    >
                      <em />
                    </a>
                  </div>
                </div>
              </div>
            </div>
          </div>
        </div>
      </div>
    </div>
  </div>
  <footer
    className="footer"
  >
    <p
      className="file__Text-s1c2dxzg-0 KnAET"
    >
      If you purchased any works not included
      <br />
       above, please list them.
    </p>
    <textarea
      className="file__LargeTextArea-s1pyl2uv-3 CHgWw file-s1yjr48y-0 khOUld"
      onChange={[Function]}
      placeholder="Artwork, Artist, Gallery"
    />
    <button
      className="file__InvertedButton-v41jhc-0 huDpF file__StyledButton-s369tly-0 bTPOQl"
      disabled={true}
      onClick={[Function]}
    >
      <span>
        Submit purchases
      </span>
    </button>
  </footer>
</div>
`;
