// Jest Snapshot v1, https://goo.gl/fbAQLP

exports[`renders properly 1`] = `
<div
  className="display-artwork"
>
  <a
    className="file__ArtworkImageLink-fr51no-0 deCDpy"
    href="/artwork/fernando-botero-nude-on-the-beach"
  >
    <img
      alt="Nude on the Beach"
      className="display-artwork__image file__BlockImage-fr51no-1 FxzYf"
      height="auto"
      src="https://d32dm0rphc51dk.cloudfront.net/0aRUvnVgQKbQk5dj8xcCAg/larger.jpg"
      width="100%"
    />
  </a>
  <div
    className="display-artwork__caption sc-bdVaJa bLvhbP"
  >
    <div
      className="file__TruncatedLine-n4uxzp-0 iAlzUN"
    >
      <span
        className="artist-name"
      >
        <span
          className="name"
        >
          <a
            className="file__StyledTextLink-s18afosz-0 hOUyga"
            href="/artist/fernando-botero"
          >
            Fernando Botero
          </a>
        </span>
      </span>
      <span
        className="title"
      >
        <a
          className="file__StyledTextLink-s18afosz-0 hOUyga"
          href="/artwork/fernando-botero-nude-on-the-beach"
        >
          Nude on the Beach
        </a>
      </span>
      <span
        className="comma"
      >
        , 
      </span>
      <span
        className="date"
      >
        2000
      </span>
      <span
        className="comma"
      >
        , 
      </span>
      <a
        className="file__StyledTextLink-s18afosz-0 hOUyga"
        href="/partner/gary-nader"
      >
        Gary Nader
      </a>
    </div>
    <div
      className="file__ViewFullscreenLink-s8d1ii9-0 jOPcML"
    >
      View Fullscreen
    </div>
  </div>
</div>
`;
