// Jest Snapshot v1, https://goo.gl/fbAQLP

exports[`renders a long caption properly 1`] = `
<div
  className="article-image"
>
  <img
    className="file__BlockImage-gll76x-3 gbnpHt"
    src="https://artsy-media-uploads.s3.amazonaws.com/co8j2xq40ROMyBrJQm_4eQ%2FDafenOilPaintingVillage_AK03.jpg"
    width="100%"
  />
  <div
    className="file__CaptionContainer-gll76x-2 icOfXg"
  >
    <div
      className="file__Figcaption-gll76x-0 jnJeAY"
      dangerouslySetInnerHTML={
        Object {
          "__html": "<p>Photo by Adam Kuehl for Artsy.</p>",
        }
      }
    />
    <div
      className="file__CaptionLink-gll76x-1 kAmWcr"
    >
      View Fullscreen
    </div>
  </div>
</div>
`;

exports[`renders properly 1`] = `
<div
  className="article-image"
>
  <img
    className="file__BlockImage-gll76x-3 gbnpHt"
    src="https://artsy-media-uploads.s3.amazonaws.com/co8j2xq40ROMyBrJQm_4eQ%2FDafenOilPaintingVillage_AK03.jpg"
    width="100%"
  />
  <div
    className="file__CaptionContainer-gll76x-2 icOfXg"
  >
    <div
      className="file__Figcaption-gll76x-0 jnJeAY"
      dangerouslySetInnerHTML={
        Object {
          "__html": "<p>Photo by Adam Kuehl for Artsy.</p>",
        }
      }
    />
    <div
      className="file__CaptionLink-gll76x-1 kAmWcr"
    >
      View Fullscreen
    </div>
  </div>
</div>
`;
