// Jest Snapshot v1, https://goo.gl/fbAQLP

exports[`renders properly 1`] = `
<div
  className="article-image"
>
  <img
    className="file__BlockImage-ejrji7-3 bbdYlF"
    src="https://artsy-media-uploads.s3.amazonaws.com/co8j2xq40ROMyBrJQm_4eQ%2FDafenOilPaintingVillage_AK03.jpg"
    width="100%"
  />
  <div
    className="file__CaptionContainer-ejrji7-2 VbLSF"
  >
    <div
      className="file__Figcaption-ejrji7-0 iKgMTG"
      dangerouslySetInnerHTML={
        Object {
          "__html": "<p>Photo by Adam Kuehl for Artsy.</p>",
        }
      }
    />
    <div
      className="file__CaptionLink-ejrji7-1 dlBpu"
    >
      View Fullscreen
    </div>
  </div>
</div>
`;
