// Jest Snapshot v1, https://goo.gl/fbAQLP

exports[`renders properly 1`] = `
<iframe
  allowFullScreen={true}
  className="sc-bdVaJa dzBwAj"
  frameBorder="0"
  height={281.25}
  src="https://www.youtube.com/embed/PXi7Kjlsz9A?title=0&portrait=0&badge=0&byline=0&showinfo=0&rel=0&controls=2&modestbranding=1&iv_load_policy=3&color=E5E5E5"
/>
`;
