// Jest Snapshot v1, https://goo.gl/fbAQLP

exports[`Renders a news panel properly 1`] = `
.c0 {
  padding: 20px;
  border: 1px solid #e5e5e5;
  border-radius: 3px;
}

.c0 a {
  color: black;
}

.c0 a:hover {
  color: #999999;
}

.c1 {
  display: -webkit-box;
  display: -webkit-flex;
  display: -ms-flexbox;
  display: flex;
  -webkit-box-pack: center;
  -webkit-justify-content: center;
  -ms-flex-pack: center;
  justify-content: center;
  position: relative;
}

.c3 {
  font-family: Unica77LLWebMedium , 'Arial', 'serif';
  -webkit-font-smoothing: antialiased;
  font-size: 19px;
  line-height: 1.5em;
}

.c2 {
  font-family: Unica77LLWebMedium , 'Arial', 'serif';
  -webkit-font-smoothing: antialiased;
  font-size: 19px;
  line-height: 1.5em;
  position: absolute;
  left: 0;
}

.c4 {
  padding: 10px 0;
  display: -webkit-box;
  display: -webkit-flex;
  display: -ms-flexbox;
  display: flex;
  -webkit-flex-direction: column;
  -ms-flex-direction: column;
  flex-direction: column;
}

.c5 {
  font-family: 'Adobe Garamond W08', 'adobe-garamond-pro', 'AGaramondPro-Regular', 'Times New Roman', 'Times', 'serif';
  -webkit-font-smoothing: antialiased;
  font-size: 18px;
  line-height: 1.4em;
  padding: 10px 0;
  cursor: pointer;
  text-decoration: none;
}

.c6 {
  font-family: Unica77LLWebRegular , 'Arial', 'serif';
  -webkit-font-smoothing: antialiased;
  font-size: 16px;
  line-height: 1.1em;
}

@media (max-width:720px) {
  .c3 {
    font-family: Unica77LLWebMedium , 'Arial', 'serif';
    -webkit-font-smoothing: antialiased;
    font-size: 16px;
    line-height: 1.1em;
  }
}

@media (max-width:720px) {
  .c2 {
    font-family: Unica77LLWebMedium , 'Arial', 'serif';
    -webkit-font-smoothing: antialiased;
    font-size: 16px;
    line-height: 1.1em;
  }
}

@media (max-width:720px) {
  .c4 {
    padding: 0 0 10px;
  }
}

@media (max-width:720px) {
  .c5 {
    font-family: 'Adobe Garamond W08', 'adobe-garamond-pro', 'AGaramondPro-Regular', 'Times New Roman', 'Times', 'serif';
    -webkit-font-smoothing: antialiased;
    font-size: 15px;
    line-height: 1.25em;
    line-height: 1.4em;
  }
}

@media (max-width:720px) {
  .c6 {
    font-family: Unica77LLWebRegular , 'Arial', 'serif';
    -webkit-font-smoothing: antialiased;
    font-size: 12px;
    line-height: 1.4em;
  }
}

<div
  className="c0"
>
  <div
    className="c1"
  >
    <div
      className="c2"
    >
      News
    </div>
    <div
      className="c3"
    >
      Apr 5
    </div>
  </div>
  <div
    className="c4"
  >
    <a
      className="c5"
      href={undefined}
    >
      The oldest known depiction of a supernova was found in a work of 5,000 year old rock art, scientists believe.
    </a>
  </div>
  <div
    className="c6"
  >
    <a
      href="/news"
    >
      More In News
    </a>
  </div>
</div>
`;
