exports[`login renders the snapshot 1`] = `
<div
  className="FLXHp">
  <div
    className="cVIAuV"
    style={undefined}>
    
  </div>
  <p
    className="fTgPgI">
    Welcome back, please log in 
    <br />
     to your account.
  </p>
  <form
    action="/log_in"
    method="POST"
    onSubmit={[Function]}>
    <input
      autoFocus={true}
      className="gUzbJk dZGRwh"
      name="email"
      onChange={[Function]}
      placeholder="Email"
      value="" />
    <div
      className="blwjyv">
      <div
        className="border-container" />
      <input
        className="jVgAsE"
        name="password"
        onChange={[Function]}
        placeholder="Password"
        type="password"
        value="" />
      <a
        className="cXjeFh"
        href={undefined}>
        Forgot?
      </a>
    </div>
    <button
      className="bXgzbp">
      <span>
        Log In
      </span>
    </button>
    <div
      className="fKkZFB">
      <div
        className="jNrPFU">
        or
      </div>
    </div>
    <a
      className="dzvQZu exUgyi"
      href="/facebook"
      icon={
        <Styled(Icon)
          color="white"
          name="facebook" />
      }>
      <div
        className="kEzGjr"
        style={undefined}>
        
      </div>
      <span>
        Log in with Facebook
      </span>
    </a>
    <a
      className="eTVvmy exUgyi"
      href="/twitter"
      icon={
        <Styled(Icon)
          color="white"
          name="twitter" />
      }>
      <div
        className="kEzGjr"
        style={undefined}>
        
      </div>
      <span>
        Log in with Twitter
      </span>
    </a>
  </form>
  <br />
  <p
    className="eXluOx">
    <span>
      Don\'t have an account? 
    </span>
    <a
      className="lkuLzT"
      href={undefined}>
      Sign up
    </a>
    .
  </p>
</div>
`;
