// Jest Snapshot v1, https://goo.gl/fbAQLP

exports[`ACB Thank You renders the snapshot 1`] = `
<div
  className="file__Container-s15134u5-0 dJEzwB"
>
  <div
    className="file__Nav-s3a2xky-0 jFOBxo"
  >
    <a
      className="file__NavIcon-s3a2xky-1 iuKRRV"
      href={undefined}
    >
      <div
        className="file-s1p6nknl-0 fIydph"
        style={undefined}
      >
        
      </div>
    </a>
    <a
      className="file__StyledLink-bkdmoh-0 kRXfDa"
      href="/"
    >
      Back To Artsy
    </a>
  </div>
  <div
    className="file__Section-s15134u5-1 bQNJbm"
  >
    <p
      className="file__Text-s63pphj-0 euxBwz"
    >
      EARLY ACCESS
    </p>
  </div>
  <div
    className="file__StyledTitle-ujwgso-0 jdYgqZ"
    color="inherit"
  >
    Artsy Collector Loyalty Program
  </div>
  <div
    className="file__Section-s15134u5-1 bQNJbm"
  >
    <p
      className="file__Text-s63pphj-0 kRUshZ"
    >
      Thank you for your interest in the program.
      <br />
      Have questions? Get in touch:  
      <a
        className="file__StyledTextLink-s1973ep5-0 cqobPp"
        href="mailto:loyalty@artsy.net"
      >
        loyalty@artsy.net
      </a>
    </p>
  </div>
  <div
    className="file__ButtonWrapper-s15134u5-2 ksuehy"
  >
    <a
      className="file__InvertedButton-v41jhc-0 iFBGcT file__StyledButton-s12zbojh-0 irXAmg"
      href="/"
    >
      <span>
        Back to Artsy
      </span>
    </a>
  </div>
</div>
`;
