// Jest Snapshot v1, https://goo.gl/fbAQLP

exports[`renders properly 1`] = `
.c0 {
  width: 100vw;
  height: 100vh;
  overflow: hidden;
  position: fixed;
  z-index: 1070;
  top: 0;
  left: 0;
  background-color: white;
}

.c1 {
  width: 100%;
  height: 100vh;
  display: -webkit-box;
  display: -webkit-flex;
  display: -ms-flexbox;
  display: flex;
  -webkit-flex-direction: column;
  -ms-flex-direction: column;
  flex-direction: column;
  position: relative;
}

.c2 {
  min-height: 25px;
  padding: 30px 60px 0 60px;
  font-family: Unica77LLWebRegular , 'Arial', 'serif';
  -webkit-font-smoothing: antialiased;
  font-size: 40px;
  line-height: 1.1em;
}

.c3 {
  display: block;
  background: url(https://d7hftxdivxxvm.cloudfront.net?resize_to=width&src=https%3A%2F%2Fd32dm0rphc51dk.cloudfront.net%2F0aRUvnVgQKbQk5dj8xcCAg%2Flarger.jpg&width=1200&quality=95) no-repeat center;
  background-size: contain;
  -webkit-flex: 1;
  -ms-flex: 1;
  flex: 1;
  margin: 50px 60px;
}

.c13 {
  display: block;
  background: url(https://d7hftxdivxxvm.cloudfront.net?resize_to=width&src=https%3A%2F%2Fartsy-media-uploads.s3.amazonaws.com%2Fco8j2xq40ROMyBrJQm_4eQ%252FDafenOilPaintingVillage_AK03.jpg&width=1200&quality=95) no-repeat center;
  background-size: contain;
  -webkit-flex: 1;
  -ms-flex: 1;
  flex: 1;
  margin: 50px 60px;
}

.c14 {
  display: block;
  background: url(https://d7hftxdivxxvm.cloudfront.net?resize_to=width&src=https%3A%2F%2Fd32dm0rphc51dk.cloudfront.net%2FCpHY-DRr7KW0HGXLslCXHw%2Flarger.jpg&width=1200&quality=95) no-repeat center;
  background-size: contain;
  -webkit-flex: 1;
  -ms-flex: 1;
  flex: 1;
  margin: 50px 60px;
}

.c4 {
  display: -webkit-box;
  display: -webkit-flex;
  display: -ms-flexbox;
  display: flex;
  -webkit-box-pack: justify;
  -webkit-justify-content: space-between;
  -ms-flex-pack: justify;
  justify-content: space-between;
  background-color: #f8f8f8;
  padding: 30px 60px;
}

.c4 p {
  margin: 0px;
}

.c5 {
  display: -webkit-box;
  display: -webkit-flex;
  display: -ms-flexbox;
  display: flex;
  -webkit-flex-direction: column;
  -ms-flex-direction: column;
  flex-direction: column;
}

.c6 {
  display: none;
}

.c7 {
  font-family: Unica77LLWebMedium , 'Arial', 'serif';
  -webkit-font-smoothing: antialiased;
  font-size: 16px;
  line-height: 1.1em;
}

.c7 a {
  color: black;
}

.c8 {
  display: -webkit-box;
  display: -webkit-flex;
  display: -ms-flexbox;
  display: flex;
  -webkit-flex-direction: row;
  -ms-flex-direction: row;
  flex-direction: row;
  font-family: Unica77LLWebMedium , 'Arial', 'serif';
  -webkit-font-smoothing: antialiased;
  font-size: 16px;
  line-height: 1.1em;
}

.c8 .title {
  font-family: Unica77LLWebMediumItalic , 'Arial', 'serif';
  -webkit-font-smoothing: antialiased;
  font-size: 16px;
  line-height: 1.1em;
}

.c8 .title:after {
  content: ', ';
}

.c8 .date:after {
  content: ', ';
}

.c9.artist-name {
  margin-right: 20px;
}

.c9 .c10 {
  color: black;
}

.c11 {
  color: #999;
  text-decoration: none;
}

.c12 {
  margin-left: 20px;
  white-space: nowrap;
  font-family: Unica77LLWebRegular , 'Arial', 'serif';
  -webkit-font-smoothing: antialiased;
  font-size: 16px;
  line-height: 1.1em;
}

.c15 {
  position: absolute;
  right: 0;
  top: 0;
  margin: 20px;
  cursor: pointer;
}

.c16 {
  font-family: artsy-icons;
  color: gray;
  font-size: 24px;
  margin: 0 5px;
  display: inline-block;
}

@media (max-width:720px) {
  .c2 {
    padding: 20px 60px 0 20px;
    font-family: Unica77LLWebRegular , 'Arial', 'serif';
    -webkit-font-smoothing: antialiased;
    font-size: 19px;
    line-height: 1.5em;
  }
}

@media (max-width:720px) {
  .c3 {
    margin: 20px 0 80px 0;
  }
}

@media (max-width:720px) {
  .c13 {
    margin: 20px 0 80px 0;
  }
}

@media (max-width:720px) {
  .c14 {
    margin: 20px 0 80px 0;
  }
}

@media (max-width:720px) {
  .c4 {
    position: absolute;
    bottom: 0;
    width: calc(100% - 40px);
    padding: 20px;
  }
}

@media (max-width:720px) {
  .c6 {
    font-family: Unica77LLWebMedium , 'Arial', 'serif';
    -webkit-font-smoothing: antialiased;
    font-size: 14px;
    line-height: 1.4em;
    cursor: pointer;
    display: inline-block;
  }

  .c6 span {
    border-bottom: 1px solid black;
  }
}

@media (max-width:720px) {
  .c7 {
    font-family: Unica77LLWebMedium , 'Arial', 'serif';
    -webkit-font-smoothing: antialiased;
    font-size: 14px;
    line-height: 1.4em;
    display: none;
    margin-top: 0px;
  }
}

@media (max-width:720px) {
  .c8 {
    font-family: Unica77LLWebMedium , 'Arial', 'serif';
    -webkit-font-smoothing: antialiased;
    font-size: 14px;
    line-height: 1.4em;
    -webkit-flex-direction: column;
    -ms-flex-direction: column;
    flex-direction: column;
  }

  .c8 .title {
    font-family: Unica77LLWebMediumItalic , 'Arial', 'serif';
    -webkit-font-smoothing: antialiased;
    font-size: 14px;
    line-height: 1.4em;
  }
}

@media (max-width:720px) {
  .c9.artist-name {
    margin-bottom: 5px;
  }
}

@media (max-width:720px) {
  .c12 {
    font-family: Unica77LLWebRegular , 'Arial', 'serif';
    -webkit-font-smoothing: antialiased;
    font-size: 14px;
    line-height: 1.4em;
  }
}

<div
  className="c0"
  onKeyDown={[Function]}
>
  .c0 {
  width: 100%;
  height: 100vh;
  display: -webkit-box;
  display: -webkit-flex;
  display: -ms-flexbox;
  display: flex;
  -webkit-flex-direction: column;
  -ms-flex-direction: column;
  flex-direction: column;
  position: relative;
}

.c1 {
  min-height: 25px;
  padding: 30px 60px 0 60px;
  font-family: Unica77LLWebRegular , 'Arial', 'serif';
  -webkit-font-smoothing: antialiased;
  font-size: 40px;
  line-height: 1.1em;
}

.c2 {
  display: block;
  background: url(https://d7hftxdivxxvm.cloudfront.net?resize_to=width&src=https%3A%2F%2Fd32dm0rphc51dk.cloudfront.net%2F0aRUvnVgQKbQk5dj8xcCAg%2Flarger.jpg&width=1200&quality=95) no-repeat center;
  background-size: contain;
  -webkit-flex: 1;
  -ms-flex: 1;
  flex: 1;
  margin: 50px 60px;
}

.c12 {
  display: block;
  background: url(https://d7hftxdivxxvm.cloudfront.net?resize_to=width&src=https%3A%2F%2Fartsy-media-uploads.s3.amazonaws.com%2Fco8j2xq40ROMyBrJQm_4eQ%252FDafenOilPaintingVillage_AK03.jpg&width=1200&quality=95) no-repeat center;
  background-size: contain;
  -webkit-flex: 1;
  -ms-flex: 1;
  flex: 1;
  margin: 50px 60px;
}

.c13 {
  display: block;
  background: url(https://d7hftxdivxxvm.cloudfront.net?resize_to=width&src=https%3A%2F%2Fd32dm0rphc51dk.cloudfront.net%2FCpHY-DRr7KW0HGXLslCXHw%2Flarger.jpg&width=1200&quality=95) no-repeat center;
  background-size: contain;
  -webkit-flex: 1;
  -ms-flex: 1;
  flex: 1;
  margin: 50px 60px;
}

.c3 {
  display: -webkit-box;
  display: -webkit-flex;
  display: -ms-flexbox;
  display: flex;
  -webkit-box-pack: justify;
  -webkit-justify-content: space-between;
  -ms-flex-pack: justify;
  justify-content: space-between;
  background-color: #f8f8f8;
  padding: 30px 60px;
}

.c3 p {
  margin: 0px;
}

.c4 {
  display: -webkit-box;
  display: -webkit-flex;
  display: -ms-flexbox;
  display: flex;
  -webkit-flex-direction: column;
  -ms-flex-direction: column;
  flex-direction: column;
}

.c5 {
  display: none;
}

.c6 {
  font-family: Unica77LLWebMedium , 'Arial', 'serif';
  -webkit-font-smoothing: antialiased;
  font-size: 16px;
  line-height: 1.1em;
}

.c6 a {
  color: black;
}

.c7 {
  display: -webkit-box;
  display: -webkit-flex;
  display: -ms-flexbox;
  display: flex;
  -webkit-flex-direction: row;
  -ms-flex-direction: row;
  flex-direction: row;
  font-family: Unica77LLWebMedium , 'Arial', 'serif';
  -webkit-font-smoothing: antialiased;
  font-size: 16px;
  line-height: 1.1em;
}

.c7 .title {
  font-family: Unica77LLWebMediumItalic , 'Arial', 'serif';
  -webkit-font-smoothing: antialiased;
  font-size: 16px;
  line-height: 1.1em;
}

.c7 .title:after {
  content: ', ';
}

.c7 .date:after {
  content: ', ';
}

.c8.artist-name {
  margin-right: 20px;
}

.c8 .c9 {
  color: black;
}

.c10 {
  color: #999;
  text-decoration: none;
}

.c11 {
  margin-left: 20px;
  white-space: nowrap;
  font-family: Unica77LLWebRegular , 'Arial', 'serif';
  -webkit-font-smoothing: antialiased;
  font-size: 16px;
  line-height: 1.1em;
}

@media (max-width:720px) {
  .c1 {
    padding: 20px 60px 0 20px;
    font-family: Unica77LLWebRegular , 'Arial', 'serif';
    -webkit-font-smoothing: antialiased;
    font-size: 19px;
    line-height: 1.5em;
  }
}

@media (max-width:720px) {
  .c2 {
    margin: 20px 0 80px 0;
  }
}

@media (max-width:720px) {
  .c12 {
    margin: 20px 0 80px 0;
  }
}

@media (max-width:720px) {
  .c13 {
    margin: 20px 0 80px 0;
  }
}

@media (max-width:720px) {
  .c3 {
    position: absolute;
    bottom: 0;
    width: calc(100% - 40px);
    padding: 20px;
  }
}

@media (max-width:720px) {
  .c5 {
    font-family: Unica77LLWebMedium , 'Arial', 'serif';
    -webkit-font-smoothing: antialiased;
    font-size: 14px;
    line-height: 1.4em;
    cursor: pointer;
    display: inline-block;
  }

  .c5 span {
    border-bottom: 1px solid black;
  }
}

@media (max-width:720px) {
  .c6 {
    font-family: Unica77LLWebMedium , 'Arial', 'serif';
    -webkit-font-smoothing: antialiased;
    font-size: 14px;
    line-height: 1.4em;
    display: none;
    margin-top: 0px;
  }
}

@media (max-width:720px) {
  .c7 {
    font-family: Unica77LLWebMedium , 'Arial', 'serif';
    -webkit-font-smoothing: antialiased;
    font-size: 14px;
    line-height: 1.4em;
    -webkit-flex-direction: column;
    -ms-flex-direction: column;
    flex-direction: column;
  }

  .c7 .title {
    font-family: Unica77LLWebMediumItalic , 'Arial', 'serif';
    -webkit-font-smoothing: antialiased;
    font-size: 14px;
    line-height: 1.4em;
  }
}

@media (max-width:720px) {
  .c8.artist-name {
    margin-bottom: 5px;
  }
}

@media (max-width:720px) {
  .c11 {
    font-family: Unica77LLWebRegular , 'Arial', 'serif';
    -webkit-font-smoothing: antialiased;
    font-size: 14px;
    line-height: 1.4em;
  }
}

<div>
    .c0 {
  width: 100%;
  height: 100vh;
  display: -webkit-box;
  display: -webkit-flex;
  display: -ms-flexbox;
  display: flex;
  -webkit-flex-direction: column;
  -ms-flex-direction: column;
  flex-direction: column;
  position: relative;
}

.c1 {
  min-height: 25px;
  padding: 30px 60px 0 60px;
  font-family: Unica77LLWebRegular , 'Arial', 'serif';
  -webkit-font-smoothing: antialiased;
  font-size: 40px;
  line-height: 1.1em;
}

.c2 {
  display: block;
  background: url(https://d7hftxdivxxvm.cloudfront.net?resize_to=width&src=https%3A%2F%2Fd32dm0rphc51dk.cloudfront.net%2F0aRUvnVgQKbQk5dj8xcCAg%2Flarger.jpg&width=1200&quality=95) no-repeat center;
  background-size: contain;
  -webkit-flex: 1;
  -ms-flex: 1;
  flex: 1;
  margin: 50px 60px;
}

.c3 {
  display: -webkit-box;
  display: -webkit-flex;
  display: -ms-flexbox;
  display: flex;
  -webkit-box-pack: justify;
  -webkit-justify-content: space-between;
  -ms-flex-pack: justify;
  justify-content: space-between;
  background-color: #f8f8f8;
  padding: 30px 60px;
}

.c3 p {
  margin: 0px;
}

.c4 {
  display: -webkit-box;
  display: -webkit-flex;
  display: -ms-flexbox;
  display: flex;
  -webkit-flex-direction: column;
  -ms-flex-direction: column;
  flex-direction: column;
}

.c5 {
  display: none;
}

.c6 {
  font-family: Unica77LLWebMedium , 'Arial', 'serif';
  -webkit-font-smoothing: antialiased;
  font-size: 16px;
  line-height: 1.1em;
}

.c6 a {
  color: black;
}

.c7 {
  display: -webkit-box;
  display: -webkit-flex;
  display: -ms-flexbox;
  display: flex;
  -webkit-flex-direction: row;
  -ms-flex-direction: row;
  flex-direction: row;
  font-family: Unica77LLWebMedium , 'Arial', 'serif';
  -webkit-font-smoothing: antialiased;
  font-size: 16px;
  line-height: 1.1em;
}

.c7 .title {
  font-family: Unica77LLWebMediumItalic , 'Arial', 'serif';
  -webkit-font-smoothing: antialiased;
  font-size: 16px;
  line-height: 1.1em;
}

.c7 .title:after {
  content: ', ';
}

.c7 .date:after {
  content: ', ';
}

.c8.artist-name {
  margin-right: 20px;
}

.c8 .c9 {
  color: black;
}

.c10 {
  color: #999;
  text-decoration: none;
}

.c11 {
  margin-left: 20px;
  white-space: nowrap;
  font-family: Unica77LLWebRegular , 'Arial', 'serif';
  -webkit-font-smoothing: antialiased;
  font-size: 16px;
  line-height: 1.1em;
}

@media (max-width:720px) {
  .c1 {
    padding: 20px 60px 0 20px;
    font-family: Unica77LLWebRegular , 'Arial', 'serif';
    -webkit-font-smoothing: antialiased;
    font-size: 19px;
    line-height: 1.5em;
  }
}

@media (max-width:720px) {
  .c2 {
    margin: 20px 0 80px 0;
  }
}

@media (max-width:720px) {
  .c3 {
    position: absolute;
    bottom: 0;
    width: calc(100% - 40px);
    padding: 20px;
  }
}

@media (max-width:720px) {
  .c5 {
    font-family: Unica77LLWebMedium , 'Arial', 'serif';
    -webkit-font-smoothing: antialiased;
    font-size: 14px;
    line-height: 1.4em;
    cursor: pointer;
    display: inline-block;
  }

  .c5 span {
    border-bottom: 1px solid black;
  }
}

@media (max-width:720px) {
  .c6 {
    font-family: Unica77LLWebMedium , 'Arial', 'serif';
    -webkit-font-smoothing: antialiased;
    font-size: 14px;
    line-height: 1.4em;
    display: none;
    margin-top: 0px;
  }
}

@media (max-width:720px) {
  .c7 {
    font-family: Unica77LLWebMedium , 'Arial', 'serif';
    -webkit-font-smoothing: antialiased;
    font-size: 14px;
    line-height: 1.4em;
    -webkit-flex-direction: column;
    -ms-flex-direction: column;
    flex-direction: column;
  }

  .c7 .title {
    font-family: Unica77LLWebMediumItalic , 'Arial', 'serif';
    -webkit-font-smoothing: antialiased;
    font-size: 14px;
    line-height: 1.4em;
  }
}

@media (max-width:720px) {
  .c8.artist-name {
    margin-bottom: 5px;
  }
}

@media (max-width:720px) {
  .c11 {
    font-family: Unica77LLWebRegular , 'Arial', 'serif';
    -webkit-font-smoothing: antialiased;
    font-size: 14px;
    line-height: 1.4em;
  }
}

<div>
      .c0 {
  width: 100%;
  height: 100vh;
  display: -webkit-box;
  display: -webkit-flex;
  display: -ms-flexbox;
  display: flex;
  -webkit-flex-direction: column;
  -ms-flex-direction: column;
  flex-direction: column;
  position: relative;
}

.c1 {
  min-height: 25px;
  padding: 30px 60px 0 60px;
  font-family: Unica77LLWebRegular , 'Arial', 'serif';
  -webkit-font-smoothing: antialiased;
  font-size: 40px;
  line-height: 1.1em;
}

.c2 {
  display: block;
  background: url(https://d7hftxdivxxvm.cloudfront.net?resize_to=width&src=https%3A%2F%2Fd32dm0rphc51dk.cloudfront.net%2F0aRUvnVgQKbQk5dj8xcCAg%2Flarger.jpg&width=1200&quality=95) no-repeat center;
  background-size: contain;
  -webkit-flex: 1;
  -ms-flex: 1;
  flex: 1;
  margin: 50px 60px;
}

.c3 {
  display: -webkit-box;
  display: -webkit-flex;
  display: -ms-flexbox;
  display: flex;
  -webkit-box-pack: justify;
  -webkit-justify-content: space-between;
  -ms-flex-pack: justify;
  justify-content: space-between;
  background-color: #f8f8f8;
  padding: 30px 60px;
}

.c3 p {
  margin: 0px;
}

.c4 {
  display: -webkit-box;
  display: -webkit-flex;
  display: -ms-flexbox;
  display: flex;
  -webkit-flex-direction: column;
  -ms-flex-direction: column;
  flex-direction: column;
}

.c5 {
  display: none;
}

.c6 {
  font-family: Unica77LLWebMedium , 'Arial', 'serif';
  -webkit-font-smoothing: antialiased;
  font-size: 16px;
  line-height: 1.1em;
}

.c6 a {
  color: black;
}

.c7 {
  display: -webkit-box;
  display: -webkit-flex;
  display: -ms-flexbox;
  display: flex;
  -webkit-flex-direction: row;
  -ms-flex-direction: row;
  flex-direction: row;
  font-family: Unica77LLWebMedium , 'Arial', 'serif';
  -webkit-font-smoothing: antialiased;
  font-size: 16px;
  line-height: 1.1em;
}

.c7 .title {
  font-family: Unica77LLWebMediumItalic , 'Arial', 'serif';
  -webkit-font-smoothing: antialiased;
  font-size: 16px;
  line-height: 1.1em;
}

.c7 .title:after {
  content: ', ';
}

.c7 .date:after {
  content: ', ';
}

.c8.artist-name {
  margin-right: 20px;
}

.c8 .c9 {
  color: black;
}

.c10 {
  color: #999;
  text-decoration: none;
}

.c11 {
  margin-left: 20px;
  white-space: nowrap;
  font-family: Unica77LLWebRegular , 'Arial', 'serif';
  -webkit-font-smoothing: antialiased;
  font-size: 16px;
  line-height: 1.1em;
}

@media (max-width:720px) {
  .c1 {
    padding: 20px 60px 0 20px;
    font-family: Unica77LLWebRegular , 'Arial', 'serif';
    -webkit-font-smoothing: antialiased;
    font-size: 19px;
    line-height: 1.5em;
  }
}

@media (max-width:720px) {
  .c2 {
    margin: 20px 0 80px 0;
  }
}

@media (max-width:720px) {
  .c3 {
    position: absolute;
    bottom: 0;
    width: calc(100% - 40px);
    padding: 20px;
  }
}

@media (max-width:720px) {
  .c5 {
    font-family: Unica77LLWebMedium , 'Arial', 'serif';
    -webkit-font-smoothing: antialiased;
    font-size: 14px;
    line-height: 1.4em;
    cursor: pointer;
    display: inline-block;
  }

  .c5 span {
    border-bottom: 1px solid black;
  }
}

@media (max-width:720px) {
  .c6 {
    font-family: Unica77LLWebMedium , 'Arial', 'serif';
    -webkit-font-smoothing: antialiased;
    font-size: 14px;
    line-height: 1.4em;
    display: none;
    margin-top: 0px;
  }
}

@media (max-width:720px) {
  .c7 {
    font-family: Unica77LLWebMedium , 'Arial', 'serif';
    -webkit-font-smoothing: antialiased;
    font-size: 14px;
    line-height: 1.4em;
    -webkit-flex-direction: column;
    -ms-flex-direction: column;
    flex-direction: column;
  }

  .c7 .title {
    font-family: Unica77LLWebMediumItalic , 'Arial', 'serif';
    -webkit-font-smoothing: antialiased;
    font-size: 14px;
    line-height: 1.4em;
  }
}

@media (max-width:720px) {
  .c8.artist-name {
    margin-bottom: 5px;
  }
}

@media (max-width:720px) {
  .c11 {
    font-family: Unica77LLWebRegular , 'Arial', 'serif';
    -webkit-font-smoothing: antialiased;
    font-size: 14px;
    line-height: 1.4em;
  }
}

<div
        className="c0"
      >
        .c0 {
  min-height: 25px;
  padding: 30px 60px 0 60px;
  font-family: Unica77LLWebRegular , 'Arial', 'serif';
  -webkit-font-smoothing: antialiased;
  font-size: 40px;
  line-height: 1.1em;
}

@media (max-width:720px) {
  .c0 {
    padding: 20px 60px 0 20px;
    font-family: Unica77LLWebRegular , 'Arial', 'serif';
    -webkit-font-smoothing: antialiased;
    font-size: 19px;
    line-height: 1.5em;
  }
}

<div
          className="c0"
        >
          
        </div>
        .c0 {
  display: block;
  background: url(https://d7hftxdivxxvm.cloudfront.net?resize_to=width&src=https%3A%2F%2Fd32dm0rphc51dk.cloudfront.net%2F0aRUvnVgQKbQk5dj8xcCAg%2Flarger.jpg&width=1200&quality=95) no-repeat center;
  background-size: contain;
  -webkit-flex: 1;
  -ms-flex: 1;
  flex: 1;
  margin: 50px 60px;
}

@media (max-width:720px) {
  .c0 {
    margin: 20px 0 80px 0;
  }
}

<div
          className="c0"
          src="https://d7hftxdivxxvm.cloudfront.net?resize_to=width&src=https%3A%2F%2Fd32dm0rphc51dk.cloudfront.net%2F0aRUvnVgQKbQk5dj8xcCAg%2Flarger.jpg&width=1200&quality=95"
        />
        .c0 {
  display: -webkit-box;
  display: -webkit-flex;
  display: -ms-flexbox;
  display: flex;
  -webkit-box-pack: justify;
  -webkit-justify-content: space-between;
  -ms-flex-pack: justify;
  justify-content: space-between;
  background-color: #f8f8f8;
  padding: 30px 60px;
}

.c0 p {
  margin: 0px;
}

.c1 {
  display: -webkit-box;
  display: -webkit-flex;
  display: -ms-flexbox;
  display: flex;
  -webkit-flex-direction: column;
  -ms-flex-direction: column;
  flex-direction: column;
}

.c2 {
  display: none;
}

.c3 {
  font-family: Unica77LLWebMedium , 'Arial', 'serif';
  -webkit-font-smoothing: antialiased;
  font-size: 16px;
  line-height: 1.1em;
}

.c3 a {
  color: black;
}

.c4 {
  display: -webkit-box;
  display: -webkit-flex;
  display: -ms-flexbox;
  display: flex;
  -webkit-flex-direction: row;
  -ms-flex-direction: row;
  flex-direction: row;
  font-family: Unica77LLWebMedium , 'Arial', 'serif';
  -webkit-font-smoothing: antialiased;
  font-size: 16px;
  line-height: 1.1em;
}

.c4 .title {
  font-family: Unica77LLWebMediumItalic , 'Arial', 'serif';
  -webkit-font-smoothing: antialiased;
  font-size: 16px;
  line-height: 1.1em;
}

.c4 .title:after {
  content: ', ';
}

.c4 .date:after {
  content: ', ';
}

.c5.artist-name {
  margin-right: 20px;
}

.c5 .c6 {
  color: black;
}

.c7 {
  color: #999;
  text-decoration: none;
}

.c8 {
  margin-left: 20px;
  white-space: nowrap;
  font-family: Unica77LLWebRegular , 'Arial', 'serif';
  -webkit-font-smoothing: antialiased;
  font-size: 16px;
  line-height: 1.1em;
}

@media (max-width:720px) {
  .c0 {
    position: absolute;
    bottom: 0;
    width: calc(100% - 40px);
    padding: 20px;
  }
}

@media (max-width:720px) {
  .c2 {
    font-family: Unica77LLWebMedium , 'Arial', 'serif';
    -webkit-font-smoothing: antialiased;
    font-size: 14px;
    line-height: 1.4em;
    cursor: pointer;
    display: inline-block;
  }

  .c2 span {
    border-bottom: 1px solid black;
  }
}

@media (max-width:720px) {
  .c3 {
    font-family: Unica77LLWebMedium , 'Arial', 'serif';
    -webkit-font-smoothing: antialiased;
    font-size: 14px;
    line-height: 1.4em;
    display: none;
    margin-top: 0px;
  }
}

@media (max-width:720px) {
  .c4 {
    font-family: Unica77LLWebMedium , 'Arial', 'serif';
    -webkit-font-smoothing: antialiased;
    font-size: 14px;
    line-height: 1.4em;
    -webkit-flex-direction: column;
    -ms-flex-direction: column;
    flex-direction: column;
  }

  .c4 .title {
    font-family: Unica77LLWebMediumItalic , 'Arial', 'serif';
    -webkit-font-smoothing: antialiased;
    font-size: 14px;
    line-height: 1.4em;
  }
}

@media (max-width:720px) {
  .c5.artist-name {
    margin-bottom: 5px;
  }
}

@media (max-width:720px) {
  .c8 {
    font-family: Unica77LLWebRegular , 'Arial', 'serif';
    -webkit-font-smoothing: antialiased;
    font-size: 14px;
    line-height: 1.4em;
  }
}

<div
          className="c0"
        >
          .c0 {
  display: -webkit-box;
  display: -webkit-flex;
  display: -ms-flexbox;
  display: flex;
  -webkit-flex-direction: column;
  -ms-flex-direction: column;
  flex-direction: column;
}

.c1 {
  display: none;
}

.c2 {
  font-family: Unica77LLWebMedium , 'Arial', 'serif';
  -webkit-font-smoothing: antialiased;
  font-size: 16px;
  line-height: 1.1em;
}

.c2 a {
  color: black;
}

.c3 {
  display: -webkit-box;
  display: -webkit-flex;
  display: -ms-flexbox;
  display: flex;
  -webkit-flex-direction: row;
  -ms-flex-direction: row;
  flex-direction: row;
  font-family: Unica77LLWebMedium , 'Arial', 'serif';
  -webkit-font-smoothing: antialiased;
  font-size: 16px;
  line-height: 1.1em;
}

.c3 .title {
  font-family: Unica77LLWebMediumItalic , 'Arial', 'serif';
  -webkit-font-smoothing: antialiased;
  font-size: 16px;
  line-height: 1.1em;
}

.c3 .title:after {
  content: ', ';
}

.c3 .date:after {
  content: ', ';
}

.c4.artist-name {
  margin-right: 20px;
}

.c4 .c5 {
  color: black;
}

.c6 {
  color: #999;
  text-decoration: none;
}

@media (max-width:720px) {
  .c1 {
    font-family: Unica77LLWebMedium , 'Arial', 'serif';
    -webkit-font-smoothing: antialiased;
    font-size: 14px;
    line-height: 1.4em;
    cursor: pointer;
    display: inline-block;
  }

  .c1 span {
    border-bottom: 1px solid black;
  }
}

@media (max-width:720px) {
  .c2 {
    font-family: Unica77LLWebMedium , 'Arial', 'serif';
    -webkit-font-smoothing: antialiased;
    font-size: 14px;
    line-height: 1.4em;
    display: none;
    margin-top: 0px;
  }
}

@media (max-width:720px) {
  .c3 {
    font-family: Unica77LLWebMedium , 'Arial', 'serif';
    -webkit-font-smoothing: antialiased;
    font-size: 14px;
    line-height: 1.4em;
    -webkit-flex-direction: column;
    -ms-flex-direction: column;
    flex-direction: column;
  }

  .c3 .title {
    font-family: Unica77LLWebMediumItalic , 'Arial', 'serif';
    -webkit-font-smoothing: antialiased;
    font-size: 14px;
    line-height: 1.4em;
  }
}

@media (max-width:720px) {
  .c4.artist-name {
    margin-bottom: 5px;
  }
}

<div
            className="c0"
          >
            .c0 {
  display: none;
}

@media (max-width:720px) {
  .c0 {
    font-family: Unica77LLWebMedium , 'Arial', 'serif';
    -webkit-font-smoothing: antialiased;
    font-size: 14px;
    line-height: 1.4em;
    cursor: pointer;
    display: inline-block;
  }

  .c0 span {
    border-bottom: 1px solid black;
  }
}

<div
              className="fullscreen-viewer__caption-toggle c0"
              onClick={[Function]}
            >
              <span>
                View Caption
              </span>
            </div>
            .c0 {
  font-family: Unica77LLWebMedium , 'Arial', 'serif';
  -webkit-font-smoothing: antialiased;
  font-size: 16px;
  line-height: 1.1em;
}

.c0 a {
  color: black;
}

.c1 {
  display: -webkit-box;
  display: -webkit-flex;
  display: -ms-flexbox;
  display: flex;
  -webkit-flex-direction: row;
  -ms-flex-direction: row;
  flex-direction: row;
  font-family: Unica77LLWebMedium , 'Arial', 'serif';
  -webkit-font-smoothing: antialiased;
  font-size: 16px;
  line-height: 1.1em;
}

.c1 .title {
  font-family: Unica77LLWebMediumItalic , 'Arial', 'serif';
  -webkit-font-smoothing: antialiased;
  font-size: 16px;
  line-height: 1.1em;
}

.c1 .title:after {
  content: ', ';
}

.c1 .date:after {
  content: ', ';
}

.c2.artist-name {
  margin-right: 20px;
}

.c2 .c3 {
  color: black;
}

.c4 {
  color: #999;
  text-decoration: none;
}

@media (max-width:720px) {
  .c0 {
    font-family: Unica77LLWebMedium , 'Arial', 'serif';
    -webkit-font-smoothing: antialiased;
    font-size: 14px;
    line-height: 1.4em;
    display: none;
    margin-top: 0px;
  }
}

@media (max-width:720px) {
  .c1 {
    font-family: Unica77LLWebMedium , 'Arial', 'serif';
    -webkit-font-smoothing: antialiased;
    font-size: 14px;
    line-height: 1.4em;
    -webkit-flex-direction: column;
    -ms-flex-direction: column;
    flex-direction: column;
  }

  .c1 .title {
    font-family: Unica77LLWebMediumItalic , 'Arial', 'serif';
    -webkit-font-smoothing: antialiased;
    font-size: 14px;
    line-height: 1.4em;
  }
}

@media (max-width:720px) {
  .c2.artist-name {
    margin-bottom: 5px;
  }
}

<div
              className="c0"
              open={false}
            >
              .c0 {
  display: -webkit-box;
  display: -webkit-flex;
  display: -ms-flexbox;
  display: flex;
  -webkit-flex-direction: row;
  -ms-flex-direction: row;
  flex-direction: row;
  font-family: Unica77LLWebMedium , 'Arial', 'serif';
  -webkit-font-smoothing: antialiased;
  font-size: 16px;
  line-height: 1.1em;
}

.c0 .title {
  font-family: Unica77LLWebMediumItalic , 'Arial', 'serif';
  -webkit-font-smoothing: antialiased;
  font-size: 16px;
  line-height: 1.1em;
}

.c0 .title:after {
  content: ', ';
}

.c0 .date:after {
  content: ', ';
}

.c1.artist-name {
  margin-right: 20px;
}

.c1 .c2 {
  color: black;
}

.c3 {
  color: #999;
  text-decoration: none;
}

@media (max-width:720px) {
  .c0 {
    font-family: Unica77LLWebMedium , 'Arial', 'serif';
    -webkit-font-smoothing: antialiased;
    font-size: 14px;
    line-height: 1.4em;
    -webkit-flex-direction: column;
    -ms-flex-direction: column;
    flex-direction: column;
  }

  .c0 .title {
    font-family: Unica77LLWebMediumItalic , 'Arial', 'serif';
    -webkit-font-smoothing: antialiased;
    font-size: 14px;
    line-height: 1.4em;
  }
}

@media (max-width:720px) {
  .c1.artist-name {
    margin-bottom: 5px;
  }
}

<div
                className="c0"
              >
                .c0.artist-name {
  margin-right: 20px;
}

.c0 .c1 {
  color: black;
}

.c2 {
  color: #999;
  text-decoration: none;
}

@media (max-width:720px) {
  .c0.artist-name {
    margin-bottom: 5px;
  }
}

<div
                  className="artist-name c0"
                >
                  .c0 .c0 {
  color: black;
}

.c1 {
  color: #999;
  text-decoration: none;
}

<span
                    className="name"
                  >
                    .c0 .c0 {
  color: black;
}

.c1 {
  color: #999;
  text-decoration: none;
}

<a
                      className="c0 c1"
                      href="/artwork/fernando-botero"
                    >
                      Fernando Botero
                    </a>
                  </span>
                </div>
                .c0.artist-name {
  margin-right: 20px;
}

.c0 .c1 {
  color: black;
}

.c2 {
  color: #999;
  text-decoration: none;
}

@media (max-width:720px) {
  .c0.artist-name {
    margin-bottom: 5px;
  }
}

<div
                  className="c0"
                >
                  .c0 .c0 {
  color: black;
}

.c1 {
  color: #999;
  text-decoration: none;
}

<span
                    className="title"
                  >
                    .c0 .c0 {
  color: black;
}

.c1 {
  color: #999;
  text-decoration: none;
}

<a
                      className="c0 c1"
                      href="/artwork/fernando-botero-nude-on-the-beach"
                    >
                      Nude on the Beach
                    </a>
                  </span>
                  <span
                    className="date"
                  >
                    2000
                  </span>
                  .c0 .c0 {
  color: black;
}

.c1 {
  color: #999;
  text-decoration: none;
}

<a
                    className="c0 c1"
                    href="/partner/gary-nader"
                  >
                    Gary Nader
                  </a>
                </div>
              </div>
            </div>
          </div>
          .c0 {
  margin-left: 20px;
  white-space: nowrap;
  font-family: Unica77LLWebRegular , 'Arial', 'serif';
  -webkit-font-smoothing: antialiased;
  font-size: 16px;
  line-height: 1.1em;
}

@media (max-width:720px) {
  .c0 {
    font-family: Unica77LLWebRegular , 'Arial', 'serif';
    -webkit-font-smoothing: antialiased;
    font-size: 14px;
    line-height: 1.4em;
  }
}

<div
            className="c0"
          >
            1 of 3
          </div>
        </div>
      </div>
    </div>
    .c0 {
  width: 100%;
  height: 100vh;
  display: -webkit-box;
  display: -webkit-flex;
  display: -ms-flexbox;
  display: flex;
  -webkit-flex-direction: column;
  -ms-flex-direction: column;
  flex-direction: column;
  position: relative;
}

.c1 {
  min-height: 25px;
  padding: 30px 60px 0 60px;
  font-family: Unica77LLWebRegular , 'Arial', 'serif';
  -webkit-font-smoothing: antialiased;
  font-size: 40px;
  line-height: 1.1em;
}

.c2 {
  display: block;
  background: url(https://d7hftxdivxxvm.cloudfront.net?resize_to=width&src=https%3A%2F%2Fartsy-media-uploads.s3.amazonaws.com%2Fco8j2xq40ROMyBrJQm_4eQ%252FDafenOilPaintingVillage_AK03.jpg&width=1200&quality=95) no-repeat center;
  background-size: contain;
  -webkit-flex: 1;
  -ms-flex: 1;
  flex: 1;
  margin: 50px 60px;
}

.c3 {
  display: -webkit-box;
  display: -webkit-flex;
  display: -ms-flexbox;
  display: flex;
  -webkit-box-pack: justify;
  -webkit-justify-content: space-between;
  -ms-flex-pack: justify;
  justify-content: space-between;
  background-color: #f8f8f8;
  padding: 30px 60px;
}

.c3 p {
  margin: 0px;
}

.c4 {
  display: -webkit-box;
  display: -webkit-flex;
  display: -ms-flexbox;
  display: flex;
  -webkit-flex-direction: column;
  -ms-flex-direction: column;
  flex-direction: column;
}

.c5 {
  display: none;
}

.c6 {
  font-family: Unica77LLWebMedium , 'Arial', 'serif';
  -webkit-font-smoothing: antialiased;
  font-size: 16px;
  line-height: 1.1em;
}

.c6 a {
  color: black;
}

.c7 {
  margin-left: 20px;
  white-space: nowrap;
  font-family: Unica77LLWebRegular , 'Arial', 'serif';
  -webkit-font-smoothing: antialiased;
  font-size: 16px;
  line-height: 1.1em;
}

@media (max-width:720px) {
  .c1 {
    padding: 20px 60px 0 20px;
    font-family: Unica77LLWebRegular , 'Arial', 'serif';
    -webkit-font-smoothing: antialiased;
    font-size: 19px;
    line-height: 1.5em;
  }
}

@media (max-width:720px) {
  .c2 {
    margin: 20px 0 80px 0;
  }
}

@media (max-width:720px) {
  .c3 {
    position: absolute;
    bottom: 0;
    width: calc(100% - 40px);
    padding: 20px;
  }
}

@media (max-width:720px) {
  .c5 {
    font-family: Unica77LLWebMedium , 'Arial', 'serif';
    -webkit-font-smoothing: antialiased;
    font-size: 14px;
    line-height: 1.4em;
    cursor: pointer;
    display: inline-block;
  }

  .c5 span {
    border-bottom: 1px solid black;
  }
}

@media (max-width:720px) {
  .c6 {
    font-family: Unica77LLWebMedium , 'Arial', 'serif';
    -webkit-font-smoothing: antialiased;
    font-size: 14px;
    line-height: 1.4em;
    display: none;
    margin-top: 0px;
  }
}

@media (max-width:720px) {
  .c7 {
    font-family: Unica77LLWebRegular , 'Arial', 'serif';
    -webkit-font-smoothing: antialiased;
    font-size: 14px;
    line-height: 1.4em;
  }
}

<div>
      .c0 {
  width: 100%;
  height: 100vh;
  display: -webkit-box;
  display: -webkit-flex;
  display: -ms-flexbox;
  display: flex;
  -webkit-flex-direction: column;
  -ms-flex-direction: column;
  flex-direction: column;
  position: relative;
}

.c1 {
  min-height: 25px;
  padding: 30px 60px 0 60px;
  font-family: Unica77LLWebRegular , 'Arial', 'serif';
  -webkit-font-smoothing: antialiased;
  font-size: 40px;
  line-height: 1.1em;
}

.c2 {
  display: block;
  background: url(https://d7hftxdivxxvm.cloudfront.net?resize_to=width&src=https%3A%2F%2Fartsy-media-uploads.s3.amazonaws.com%2Fco8j2xq40ROMyBrJQm_4eQ%252FDafenOilPaintingVillage_AK03.jpg&width=1200&quality=95) no-repeat center;
  background-size: contain;
  -webkit-flex: 1;
  -ms-flex: 1;
  flex: 1;
  margin: 50px 60px;
}

.c3 {
  display: -webkit-box;
  display: -webkit-flex;
  display: -ms-flexbox;
  display: flex;
  -webkit-box-pack: justify;
  -webkit-justify-content: space-between;
  -ms-flex-pack: justify;
  justify-content: space-between;
  background-color: #f8f8f8;
  padding: 30px 60px;
}

.c3 p {
  margin: 0px;
}

.c4 {
  display: -webkit-box;
  display: -webkit-flex;
  display: -ms-flexbox;
  display: flex;
  -webkit-flex-direction: column;
  -ms-flex-direction: column;
  flex-direction: column;
}

.c5 {
  display: none;
}

.c6 {
  font-family: Unica77LLWebMedium , 'Arial', 'serif';
  -webkit-font-smoothing: antialiased;
  font-size: 16px;
  line-height: 1.1em;
}

.c6 a {
  color: black;
}

.c7 {
  margin-left: 20px;
  white-space: nowrap;
  font-family: Unica77LLWebRegular , 'Arial', 'serif';
  -webkit-font-smoothing: antialiased;
  font-size: 16px;
  line-height: 1.1em;
}

@media (max-width:720px) {
  .c1 {
    padding: 20px 60px 0 20px;
    font-family: Unica77LLWebRegular , 'Arial', 'serif';
    -webkit-font-smoothing: antialiased;
    font-size: 19px;
    line-height: 1.5em;
  }
}

@media (max-width:720px) {
  .c2 {
    margin: 20px 0 80px 0;
  }
}

@media (max-width:720px) {
  .c3 {
    position: absolute;
    bottom: 0;
    width: calc(100% - 40px);
    padding: 20px;
  }
}

@media (max-width:720px) {
  .c5 {
    font-family: Unica77LLWebMedium , 'Arial', 'serif';
    -webkit-font-smoothing: antialiased;
    font-size: 14px;
    line-height: 1.4em;
    cursor: pointer;
    display: inline-block;
  }

  .c5 span {
    border-bottom: 1px solid black;
  }
}

@media (max-width:720px) {
  .c6 {
    font-family: Unica77LLWebMedium , 'Arial', 'serif';
    -webkit-font-smoothing: antialiased;
    font-size: 14px;
    line-height: 1.4em;
    display: none;
    margin-top: 0px;
  }
}

@media (max-width:720px) {
  .c7 {
    font-family: Unica77LLWebRegular , 'Arial', 'serif';
    -webkit-font-smoothing: antialiased;
    font-size: 14px;
    line-height: 1.4em;
  }
}

<div
        className="c0"
      >
        .c0 {
  min-height: 25px;
  padding: 30px 60px 0 60px;
  font-family: Unica77LLWebRegular , 'Arial', 'serif';
  -webkit-font-smoothing: antialiased;
  font-size: 40px;
  line-height: 1.1em;
}

@media (max-width:720px) {
  .c0 {
    padding: 20px 60px 0 20px;
    font-family: Unica77LLWebRegular , 'Arial', 'serif';
    -webkit-font-smoothing: antialiased;
    font-size: 19px;
    line-height: 1.5em;
  }
}

<div
          className="c0"
        >
          New York City
        </div>
        .c0 {
  display: block;
  background: url(https://d7hftxdivxxvm.cloudfront.net?resize_to=width&src=https%3A%2F%2Fartsy-media-uploads.s3.amazonaws.com%2Fco8j2xq40ROMyBrJQm_4eQ%252FDafenOilPaintingVillage_AK03.jpg&width=1200&quality=95) no-repeat center;
  background-size: contain;
  -webkit-flex: 1;
  -ms-flex: 1;
  flex: 1;
  margin: 50px 60px;
}

@media (max-width:720px) {
  .c0 {
    margin: 20px 0 80px 0;
  }
}

<div
          className="c0"
          src="https://d7hftxdivxxvm.cloudfront.net?resize_to=width&src=https%3A%2F%2Fartsy-media-uploads.s3.amazonaws.com%2Fco8j2xq40ROMyBrJQm_4eQ%252FDafenOilPaintingVillage_AK03.jpg&width=1200&quality=95"
        />
        .c0 {
  display: -webkit-box;
  display: -webkit-flex;
  display: -ms-flexbox;
  display: flex;
  -webkit-box-pack: justify;
  -webkit-justify-content: space-between;
  -ms-flex-pack: justify;
  justify-content: space-between;
  background-color: #f8f8f8;
  padding: 30px 60px;
}

.c0 p {
  margin: 0px;
}

.c1 {
  display: -webkit-box;
  display: -webkit-flex;
  display: -ms-flexbox;
  display: flex;
  -webkit-flex-direction: column;
  -ms-flex-direction: column;
  flex-direction: column;
}

.c2 {
  display: none;
}

.c3 {
  font-family: Unica77LLWebMedium , 'Arial', 'serif';
  -webkit-font-smoothing: antialiased;
  font-size: 16px;
  line-height: 1.1em;
}

.c3 a {
  color: black;
}

.c4 {
  margin-left: 20px;
  white-space: nowrap;
  font-family: Unica77LLWebRegular , 'Arial', 'serif';
  -webkit-font-smoothing: antialiased;
  font-size: 16px;
  line-height: 1.1em;
}

@media (max-width:720px) {
  .c0 {
    position: absolute;
    bottom: 0;
    width: calc(100% - 40px);
    padding: 20px;
  }
}

@media (max-width:720px) {
  .c2 {
    font-family: Unica77LLWebMedium , 'Arial', 'serif';
    -webkit-font-smoothing: antialiased;
    font-size: 14px;
    line-height: 1.4em;
    cursor: pointer;
    display: inline-block;
  }

  .c2 span {
    border-bottom: 1px solid black;
  }
}

@media (max-width:720px) {
  .c3 {
    font-family: Unica77LLWebMedium , 'Arial', 'serif';
    -webkit-font-smoothing: antialiased;
    font-size: 14px;
    line-height: 1.4em;
    display: none;
    margin-top: 0px;
  }
}

@media (max-width:720px) {
  .c4 {
    font-family: Unica77LLWebRegular , 'Arial', 'serif';
    -webkit-font-smoothing: antialiased;
    font-size: 14px;
    line-height: 1.4em;
  }
}

<div
          className="c0"
        >
          .c0 {
  display: -webkit-box;
  display: -webkit-flex;
  display: -ms-flexbox;
  display: flex;
  -webkit-flex-direction: column;
  -ms-flex-direction: column;
  flex-direction: column;
}

.c1 {
  display: none;
}

.c2 {
  font-family: Unica77LLWebMedium , 'Arial', 'serif';
  -webkit-font-smoothing: antialiased;
  font-size: 16px;
  line-height: 1.1em;
}

.c2 a {
  color: black;
}

@media (max-width:720px) {
  .c1 {
    font-family: Unica77LLWebMedium , 'Arial', 'serif';
    -webkit-font-smoothing: antialiased;
    font-size: 14px;
    line-height: 1.4em;
    cursor: pointer;
    display: inline-block;
  }

  .c1 span {
    border-bottom: 1px solid black;
  }
}

@media (max-width:720px) {
  .c2 {
    font-family: Unica77LLWebMedium , 'Arial', 'serif';
    -webkit-font-smoothing: antialiased;
    font-size: 14px;
    line-height: 1.4em;
    display: none;
    margin-top: 0px;
  }
}

<div
            className="c0"
          >
            .c0 {
  display: none;
}

@media (max-width:720px) {
  .c0 {
    font-family: Unica77LLWebMedium , 'Arial', 'serif';
    -webkit-font-smoothing: antialiased;
    font-size: 14px;
    line-height: 1.4em;
    cursor: pointer;
    display: inline-block;
  }

  .c0 span {
    border-bottom: 1px solid black;
  }
}

<div
              className="fullscreen-viewer__caption-toggle c0"
              onClick={[Function]}
            >
              <span>
                View Caption
              </span>
            </div>
            .c0 {
  font-family: Unica77LLWebMedium , 'Arial', 'serif';
  -webkit-font-smoothing: antialiased;
  font-size: 16px;
  line-height: 1.1em;
}

.c0 a {
  color: black;
}

@media (max-width:720px) {
  .c0 {
    font-family: Unica77LLWebMedium , 'Arial', 'serif';
    -webkit-font-smoothing: antialiased;
    font-size: 14px;
    line-height: 1.4em;
    display: none;
    margin-top: 0px;
  }
}

<div
              className="c0"
              open={false}
            >
              <div
                dangerouslySetInnerHTML={
                  Object {
                    "__html": "<p>Photo by Adam Kuehl for Artsy.</p>",
                  }
                }
              />
            </div>
          </div>
          .c0 {
  margin-left: 20px;
  white-space: nowrap;
  font-family: Unica77LLWebRegular , 'Arial', 'serif';
  -webkit-font-smoothing: antialiased;
  font-size: 16px;
  line-height: 1.1em;
}

@media (max-width:720px) {
  .c0 {
    font-family: Unica77LLWebRegular , 'Arial', 'serif';
    -webkit-font-smoothing: antialiased;
    font-size: 14px;
    line-height: 1.4em;
  }
}

<div
            className="c0"
          >
            2 of 3
          </div>
        </div>
      </div>
    </div>
    .c0 {
  width: 100%;
  height: 100vh;
  display: -webkit-box;
  display: -webkit-flex;
  display: -ms-flexbox;
  display: flex;
  -webkit-flex-direction: column;
  -ms-flex-direction: column;
  flex-direction: column;
  position: relative;
}

.c1 {
  min-height: 25px;
  padding: 30px 60px 0 60px;
  font-family: Unica77LLWebRegular , 'Arial', 'serif';
  -webkit-font-smoothing: antialiased;
  font-size: 40px;
  line-height: 1.1em;
}

.c2 {
  display: block;
  background: url(https://d7hftxdivxxvm.cloudfront.net?resize_to=width&src=https%3A%2F%2Fd32dm0rphc51dk.cloudfront.net%2FCpHY-DRr7KW0HGXLslCXHw%2Flarger.jpg&width=1200&quality=95) no-repeat center;
  background-size: contain;
  -webkit-flex: 1;
  -ms-flex: 1;
  flex: 1;
  margin: 50px 60px;
}

.c3 {
  display: -webkit-box;
  display: -webkit-flex;
  display: -ms-flexbox;
  display: flex;
  -webkit-box-pack: justify;
  -webkit-justify-content: space-between;
  -ms-flex-pack: justify;
  justify-content: space-between;
  background-color: #f8f8f8;
  padding: 30px 60px;
}

.c3 p {
  margin: 0px;
}

.c4 {
  display: -webkit-box;
  display: -webkit-flex;
  display: -ms-flexbox;
  display: flex;
  -webkit-flex-direction: column;
  -ms-flex-direction: column;
  flex-direction: column;
}

.c5 {
  display: none;
}

.c6 {
  font-family: Unica77LLWebMedium , 'Arial', 'serif';
  -webkit-font-smoothing: antialiased;
  font-size: 16px;
  line-height: 1.1em;
}

.c6 a {
  color: black;
}

.c7 {
  margin-left: 20px;
  white-space: nowrap;
  font-family: Unica77LLWebRegular , 'Arial', 'serif';
  -webkit-font-smoothing: antialiased;
  font-size: 16px;
  line-height: 1.1em;
}

@media (max-width:720px) {
  .c1 {
    padding: 20px 60px 0 20px;
    font-family: Unica77LLWebRegular , 'Arial', 'serif';
    -webkit-font-smoothing: antialiased;
    font-size: 19px;
    line-height: 1.5em;
  }
}

@media (max-width:720px) {
  .c2 {
    margin: 20px 0 80px 0;
  }
}

@media (max-width:720px) {
  .c3 {
    position: absolute;
    bottom: 0;
    width: calc(100% - 40px);
    padding: 20px;
  }
}

@media (max-width:720px) {
  .c5 {
    font-family: Unica77LLWebMedium , 'Arial', 'serif';
    -webkit-font-smoothing: antialiased;
    font-size: 14px;
    line-height: 1.4em;
    cursor: pointer;
    display: inline-block;
  }

  .c5 span {
    border-bottom: 1px solid black;
  }
}

@media (max-width:720px) {
  .c6 {
    font-family: Unica77LLWebMedium , 'Arial', 'serif';
    -webkit-font-smoothing: antialiased;
    font-size: 14px;
    line-height: 1.4em;
    display: none;
    margin-top: 0px;
  }
}

@media (max-width:720px) {
  .c7 {
    font-family: Unica77LLWebRegular , 'Arial', 'serif';
    -webkit-font-smoothing: antialiased;
    font-size: 14px;
    line-height: 1.4em;
  }
}

<div>
      .c0 {
  width: 100%;
  height: 100vh;
  display: -webkit-box;
  display: -webkit-flex;
  display: -ms-flexbox;
  display: flex;
  -webkit-flex-direction: column;
  -ms-flex-direction: column;
  flex-direction: column;
  position: relative;
}

.c1 {
  min-height: 25px;
  padding: 30px 60px 0 60px;
  font-family: Unica77LLWebRegular , 'Arial', 'serif';
  -webkit-font-smoothing: antialiased;
  font-size: 40px;
  line-height: 1.1em;
}

.c2 {
  display: block;
  background: url(https://d7hftxdivxxvm.cloudfront.net?resize_to=width&src=https%3A%2F%2Fd32dm0rphc51dk.cloudfront.net%2FCpHY-DRr7KW0HGXLslCXHw%2Flarger.jpg&width=1200&quality=95) no-repeat center;
  background-size: contain;
  -webkit-flex: 1;
  -ms-flex: 1;
  flex: 1;
  margin: 50px 60px;
}

.c3 {
  display: -webkit-box;
  display: -webkit-flex;
  display: -ms-flexbox;
  display: flex;
  -webkit-box-pack: justify;
  -webkit-justify-content: space-between;
  -ms-flex-pack: justify;
  justify-content: space-between;
  background-color: #f8f8f8;
  padding: 30px 60px;
}

.c3 p {
  margin: 0px;
}

.c4 {
  display: -webkit-box;
  display: -webkit-flex;
  display: -ms-flexbox;
  display: flex;
  -webkit-flex-direction: column;
  -ms-flex-direction: column;
  flex-direction: column;
}

.c5 {
  display: none;
}

.c6 {
  font-family: Unica77LLWebMedium , 'Arial', 'serif';
  -webkit-font-smoothing: antialiased;
  font-size: 16px;
  line-height: 1.1em;
}

.c6 a {
  color: black;
}

.c7 {
  margin-left: 20px;
  white-space: nowrap;
  font-family: Unica77LLWebRegular , 'Arial', 'serif';
  -webkit-font-smoothing: antialiased;
  font-size: 16px;
  line-height: 1.1em;
}

@media (max-width:720px) {
  .c1 {
    padding: 20px 60px 0 20px;
    font-family: Unica77LLWebRegular , 'Arial', 'serif';
    -webkit-font-smoothing: antialiased;
    font-size: 19px;
    line-height: 1.5em;
  }
}

@media (max-width:720px) {
  .c2 {
    margin: 20px 0 80px 0;
  }
}

@media (max-width:720px) {
  .c3 {
    position: absolute;
    bottom: 0;
    width: calc(100% - 40px);
    padding: 20px;
  }
}

@media (max-width:720px) {
  .c5 {
    font-family: Unica77LLWebMedium , 'Arial', 'serif';
    -webkit-font-smoothing: antialiased;
    font-size: 14px;
    line-height: 1.4em;
    cursor: pointer;
    display: inline-block;
  }

  .c5 span {
    border-bottom: 1px solid black;
  }
}

@media (max-width:720px) {
  .c6 {
    font-family: Unica77LLWebMedium , 'Arial', 'serif';
    -webkit-font-smoothing: antialiased;
    font-size: 14px;
    line-height: 1.4em;
    display: none;
    margin-top: 0px;
  }
}

@media (max-width:720px) {
  .c7 {
    font-family: Unica77LLWebRegular , 'Arial', 'serif';
    -webkit-font-smoothing: antialiased;
    font-size: 14px;
    line-height: 1.4em;
  }
}

<div
        className="c0"
      >
        .c0 {
  min-height: 25px;
  padding: 30px 60px 0 60px;
  font-family: Unica77LLWebRegular , 'Arial', 'serif';
  -webkit-font-smoothing: antialiased;
  font-size: 40px;
  line-height: 1.1em;
}

@media (max-width:720px) {
  .c0 {
    padding: 20px 60px 0 20px;
    font-family: Unica77LLWebRegular , 'Arial', 'serif';
    -webkit-font-smoothing: antialiased;
    font-size: 19px;
    line-height: 1.5em;
  }
}

<div
          className="c0"
        >
          New York City
        </div>
        .c0 {
  display: block;
  background: url(https://d7hftxdivxxvm.cloudfront.net?resize_to=width&src=https%3A%2F%2Fd32dm0rphc51dk.cloudfront.net%2FCpHY-DRr7KW0HGXLslCXHw%2Flarger.jpg&width=1200&quality=95) no-repeat center;
  background-size: contain;
  -webkit-flex: 1;
  -ms-flex: 1;
  flex: 1;
  margin: 50px 60px;
}

@media (max-width:720px) {
  .c0 {
    margin: 20px 0 80px 0;
  }
}

<div
          className="c0"
          src="https://d7hftxdivxxvm.cloudfront.net?resize_to=width&src=https%3A%2F%2Fd32dm0rphc51dk.cloudfront.net%2FCpHY-DRr7KW0HGXLslCXHw%2Flarger.jpg&width=1200&quality=95"
        />
        .c0 {
  display: -webkit-box;
  display: -webkit-flex;
  display: -ms-flexbox;
  display: flex;
  -webkit-box-pack: justify;
  -webkit-justify-content: space-between;
  -ms-flex-pack: justify;
  justify-content: space-between;
  background-color: #f8f8f8;
  padding: 30px 60px;
}

.c0 p {
  margin: 0px;
}

.c1 {
  display: -webkit-box;
  display: -webkit-flex;
  display: -ms-flexbox;
  display: flex;
  -webkit-flex-direction: column;
  -ms-flex-direction: column;
  flex-direction: column;
}

.c2 {
  display: none;
}

.c3 {
  font-family: Unica77LLWebMedium , 'Arial', 'serif';
  -webkit-font-smoothing: antialiased;
  font-size: 16px;
  line-height: 1.1em;
}

.c3 a {
  color: black;
}

.c4 {
  margin-left: 20px;
  white-space: nowrap;
  font-family: Unica77LLWebRegular , 'Arial', 'serif';
  -webkit-font-smoothing: antialiased;
  font-size: 16px;
  line-height: 1.1em;
}

@media (max-width:720px) {
  .c0 {
    position: absolute;
    bottom: 0;
    width: calc(100% - 40px);
    padding: 20px;
  }
}

@media (max-width:720px) {
  .c2 {
    font-family: Unica77LLWebMedium , 'Arial', 'serif';
    -webkit-font-smoothing: antialiased;
    font-size: 14px;
    line-height: 1.4em;
    cursor: pointer;
    display: inline-block;
  }

  .c2 span {
    border-bottom: 1px solid black;
  }
}

@media (max-width:720px) {
  .c3 {
    font-family: Unica77LLWebMedium , 'Arial', 'serif';
    -webkit-font-smoothing: antialiased;
    font-size: 14px;
    line-height: 1.4em;
    display: none;
    margin-top: 0px;
  }
}

@media (max-width:720px) {
  .c4 {
    font-family: Unica77LLWebRegular , 'Arial', 'serif';
    -webkit-font-smoothing: antialiased;
    font-size: 14px;
    line-height: 1.4em;
  }
}

<div
          className="c0"
        >
          .c0 {
  display: -webkit-box;
  display: -webkit-flex;
  display: -ms-flexbox;
  display: flex;
  -webkit-flex-direction: column;
  -ms-flex-direction: column;
  flex-direction: column;
}

.c1 {
  display: none;
}

.c2 {
  font-family: Unica77LLWebMedium , 'Arial', 'serif';
  -webkit-font-smoothing: antialiased;
  font-size: 16px;
  line-height: 1.1em;
}

.c2 a {
  color: black;
}

@media (max-width:720px) {
  .c1 {
    font-family: Unica77LLWebMedium , 'Arial', 'serif';
    -webkit-font-smoothing: antialiased;
    font-size: 14px;
    line-height: 1.4em;
    cursor: pointer;
    display: inline-block;
  }

  .c1 span {
    border-bottom: 1px solid black;
  }
}

@media (max-width:720px) {
  .c2 {
    font-family: Unica77LLWebMedium , 'Arial', 'serif';
    -webkit-font-smoothing: antialiased;
    font-size: 14px;
    line-height: 1.4em;
    display: none;
    margin-top: 0px;
  }
}

<div
            className="c0"
          >
            .c0 {
  display: none;
}

@media (max-width:720px) {
  .c0 {
    font-family: Unica77LLWebMedium , 'Arial', 'serif';
    -webkit-font-smoothing: antialiased;
    font-size: 14px;
    line-height: 1.4em;
    cursor: pointer;
    display: inline-block;
  }

  .c0 span {
    border-bottom: 1px solid black;
  }
}

<div
              className="fullscreen-viewer__caption-toggle c0"
              onClick={[Function]}
            >
              <span>
                View Caption
              </span>
            </div>
            .c0 {
  font-family: Unica77LLWebMedium , 'Arial', 'serif';
  -webkit-font-smoothing: antialiased;
  font-size: 16px;
  line-height: 1.1em;
}

.c0 a {
  color: black;
}

@media (max-width:720px) {
  .c0 {
    font-family: Unica77LLWebMedium , 'Arial', 'serif';
    -webkit-font-smoothing: antialiased;
    font-size: 14px;
    line-height: 1.4em;
    display: none;
    margin-top: 0px;
  }
}

<div
              className="c0"
              open={false}
            >
              <div
                dangerouslySetInnerHTML={
                  Object {
                    "__html": "<p>Photo by <a href='artsy.net'>Adam Kuehl</a> for Artsy. Image courtesy of the Guggenheim Museum.</p>",
                  }
                }
              />
            </div>
          </div>
          .c0 {
  margin-left: 20px;
  white-space: nowrap;
  font-family: Unica77LLWebRegular , 'Arial', 'serif';
  -webkit-font-smoothing: antialiased;
  font-size: 16px;
  line-height: 1.1em;
}

@media (max-width:720px) {
  .c0 {
    font-family: Unica77LLWebRegular , 'Arial', 'serif';
    -webkit-font-smoothing: antialiased;
    font-size: 14px;
    line-height: 1.4em;
  }
}

<div
            className="c0"
          >
            3 of 3
          </div>
        </div>
      </div>
    </div>
  </div>
  .c0 {
  position: absolute;
  right: 0;
  top: 0;
  margin: 20px;
  cursor: pointer;
}

.c1 {
  font-family: artsy-icons;
  color: gray;
  font-size: 24px;
  margin: 0 5px;
  display: inline-block;
}

<div
    className="c0"
    onClick={[Function]}
  >
    .c0 {
  font-family: artsy-icons;
  color: gray;
  font-size: 24px;
  margin: 0 5px;
  display: inline-block;
}

<div
      className="c0"
      style={undefined}
    >
      
    </div>
  </div>
</div>
`;
