// Jest Snapshot v1, https://goo.gl/fbAQLP

exports[`Artwork renders correctly 1`] = `
<div
  className="file__Container-s1284ws5-0 kvlZnW"
  onClick={[Function]}
  size={250}
>
  <div
    className="file__ImageContainer-s1284ws5-1 hHXDTr"
    size={250}
  >
    <img
      className="file__Image-s1284ws5-2 kDvufT"
      size={250}
      src="artsy.net/image-url"
    />
    <div
      className="overlay-container"
    />
  </div>
  <div
    className="file__StyledMetadata-s1l3srti-0 iIhayI"
  >
    <div>
      <div
        className="file__TruncatedLine-s1q0z912-0 igrfOy"
      >
        <strong>
          <a
            className="file__StyledTextLink-l9d9k6-0 cORdQE"
            href={undefined}
          >
            Mikael Olson
          </a>
        </strong>
      </div>
      <div
        className="file__TruncatedLine-s1q0z912-0 igrfOy"
      >
        <a
          className="file__StyledTextLink-l9d9k6-0 cORdQE"
          href="/artwork/mikael-olson-some-kind-of-dinosaur"
        >
          <em>
            Some Kind of Dinosaur
          </em>
          , 2015
        </a>
      </div>
      <div
        className="file__TruncatedLine-s1q0z912-0 igrfOy"
      >
        <a
          className="file__StyledTextLink-l9d9k6-0 cORdQE"
          href={undefined}
        >
          Gallery 1261
        </a>
      </div>
    </div>
  </div>
</div>
`;
